// Jest Snapshot v1, https://goo.gl/fbAQLP

exports[`Dialog 1`] = `
<div>
  <div
    class="zds-dialog zds-imageview"
  >
    <div
      class="zds-dialog-mask zds-imageview-mask"
    />
    <div
      class="zds-dialog-box zds-imageview-box"
    >
      <div
        class="zds-imageview-content"
        style="transform:translate3d(-0%, 0px, 0px)"
      >
        <div
          class="zds-imageview-swiper"
          style="touch-action:pan-x pan-y"
        >
          <section>
            <img
              alt=""
              src="data:image/jpeg;base64,/9j/4AAQSkZJRgABAQEASABIAAD/2wBDABsSFBcUERsXFhceHBsgKEIrKCUlKFE6PTBCYFVlZF9VXVtqeJmBanGQc1tdhbWGkJ6jq62rZ4C8ybqmx5moq6T/2wBDARweHigjKE4rK06kbl1upKSkpKSkpKSkpKSkpKSkpKSkpKSkpKSkpKSkpKSkpKSkpKSkpKSkpKSkpKSkpKSkpKT/wAARCADIAMgDASIAAhEBAxEB/8QAGgAAAwEBAQEAAAAAAAAAAAAAAQIDAAQFBv/EADkQAAICAQMCBAIIBQMFAQAAAAECABEDEiExBEETIlFhcYEFFDJCkaGxwSNS0eHwcoLxFTNDYpJT/8QAGQEBAQEBAQEAAAAAAAAAAAAAAQACAwQF/8QAIxEBAQEBAAIDAAICAwAAAAAAAAERAgMSITFBBBMUYTJCUf/aAAwDAQACEQMRAD8AnU1R6mAnteUmmELHqpquBACpto2mYrAlFRxUGm4QtSLFQfSAY1HaGpt4JNsY7RNBloJqUI1NUoRBU0yWoahqGpYgE0NQgTNaCpqjVCFhpwtQhY4WECGnCBYwWNUIENQaRNGqaRTCXD4dCUEcVNXpiRz1CJYqDMEEPaH1qYqahLBAIdAmdOOYioDLskQ4xGWCypbzUZTRNU1oxKjNUpUFRCdTVKVNUQnUNR6m0xBKhqPU1Sw6UCEQ1DUxY1KEMNTCB0KhqGoagdCaGpoEQpm0mV0zaZasIAY2mHSYdJmK1AAhqECGBIRFIlDEJkEyIpEcmLc1BSzVG2MIWdJa52QlTVHow1N6xU6hqPU1S0Eqao9Q1LUSptMY2O0Xzekza3I1TATBT6zbiZvTcg8TQgXNoMz8n4CaHSZpfK+FrmJEbRMUEPVe8LYmubSByYpdBxvD1XsNzWO8XWDwIQtyuQzaNiKzRvDFd4DjHqYbDiZIgsd4/hr6mA4x/MY6sKArcGEIR3g0gcGa9PO4mp0xeThfeaqERac0Gr4xhiyjhgZr2ZvIjeGhCFyat6qNo9THWcTJUTBxCyITWupvCUfeuFtakgahDYOwmUY+8PlvaWrClYNJriU1AbEg/CHWsPg/KSr6ygWEMtxxR4MZgup6ZpXTNJnUzk/mND4TeIPukwsMRG70PXVErpiCfGWu51j+s567Y2pD9oH5wEY+b/OTbP0YYLrcg/eCkj8ZJut6XDYw2X4AKUIE3WdXh6LEmRkZwzafKarac6/T3Rd8fUD4AH95yfS/VP1HSqHCjTkB2HsZ5oygjzbnudv6TNaj3/8ArXQsPt5l+Kf3nSMmtFdGJVgCPhPlndStAD8Bc9vp+qYYcSaVIVAOSO3rKKuwlu4M1n3PznN9bQjU6Er7H+swzdLt/Cb4lZplY5KsAC/cxFzhjyprkRTl6RtggNfypE+sdMNgjC+TUUsOoKHYoa3IIuEda+SyHYV2C0JNcnSgeJRJAomu0I6lCCEXIduymSwy9a7DbWex8vEqvV49OnIWQ+pWxJ6ztSPVckSn8I0XRT8ZavT/AEucNqWsUBdg2IioxAK2bFiS6nqcSYCmpU8QhBR9TR/KUbLjs7X6C4apzWKMOZgr9gYPHAHlw38XEm/U5vuoq/AXC1qc1Xw3viE48g5ofOcLZs785nX2G0I+zvZ/1G4ey9XUcgTnIg/3CZeqTamBr0nCQCfaK7HvxH2XrHqDrVHJWaeXjxud70rfcXNL2HpFl6PBRLZMv/0DFfDgQbLkZr77bfKVbMm5TQPS05hx9QyqCyg+rFJx2uuEXp8KkDxC3P2mO34SiYuj1hkx2D7n8Zmyu72uMknsQBOnAjKLKBV70eYasKOk6fIhtHQ3yrciTy4cLZAUYtRAoURVbGhOs5DQ+yPkJtWMNyOfT2ENOPJyBseEHNg5Ztwuw4lU6dXwkhl3G3ap2dQMWZQuXXXsa3iJgwqKxKVod6uXsscfgAVrxjJW17bzacSk3jK12M7mVdgbJ+cnmyDEpRUGvJ5UDHY97r2jOt+BZjlJwLRIYXwANzJB+n1keFx3YHn02+UfKPq+J3bzNXJ7nt/xIYsZ8Pc2asn1nWcszyZ9R1LkAHkCgewgbM5+9fznPiVhk2Ow5h6jK2HCzLydhMdbzcj3+Lrnvi92Zihy2L/WI2cLzf4Tzhkyu2lspAPJup0Nh6ZekfICuTJQAt7I96j8uN8/H5FH6xK4v4sJJuva/LjU/MmcgE6cOQNjGNh7ekscr5r+Aetzn7IQfBZh1HVvehnI9gBJbg7bEbQjK4UKDQHYCLHv0b6z1IbfJksdtc9LoeoXqFGN9soFb15v7zgQeNjY5LDKPK1cyangg17+kvse1e6cPy9xUww7/aJ/Cc3R5MfVIceV/DyrvdnzTp+qq24ZG9PPX5TndjfwPhVWx+VTTJ0WU/dXnu80NQhQdPh41AB2YneNkV3Tkb12myBFQlMgUDYbcyb5AGUKyXVli0kPgMLdCGHbUt1G0dYVpXwhB6pJP1eRkrFkAr7xo7RDn6hwwfKujgbDY1+cEqwy8PkQrX3Bsfzk8brv4hNfD+8lkcFBr1PXIAr4RxmJSggHpzsIpV+oQEAar49ZseciwrBb77XORmoEqoNnkxtWpQaIC7yxafqfpRemcpoORgOLofM/0nNk60P1Hj5E0hVVQFO62O35yn1bHmLMymzuaMmfo/CoNBjZ4LfhGWRueLrubPoOq6kdScaowYXq2G98D8zKBxVAkdt4uPocbrrBYA7KP3lB07LsXJHvzOnvGP8AH7/8Oi0nud5ydf8A9kf6v2M7S21Tl6pDkxEKLIN1Oe7dfQvj9fFeY82GOcOWr8JyD6CL4eT/APJ//kzpr5nrQuEMQwPpMUydsT/gYyY9/wCIuYD0TH+5lqylu5gPa5cYsPbB1jn0JCj9JJej6o+i/FobDOOr9QTmaj9kX7RQaHBqdi5OsUBPE6fHX3lQX+kV8XiHVnzZMx9zQh7NTw9VB8qo6FHs0NxsR/eep02duoX7gccqwq/cTgDY1OnEg1f+o3/GPixZMjbAgjfmpqfK64z7r0gmY8YQf9Lj+s0Tpby4ichGuzsBVTQrmgzOLJevfi4QmMreoncmyalWxIigqgG1CxwZMtjRqt9RPDEDav6zDoGnHiO1mxvyZNca5DsGA7Bj/eMz2CdakVWx2Hz5gKBtTeKo9QoNQRjSqKbUfRKgfYWXYe1jaTObGWAVtTd6IkGcByxa72Gx2jg11K52PiOfS6ja6fR4ihvQmzIol0wYXVEDcrKAKASu4PqKMsQ4MjHKcR406r7k3K5Nkfc8GW6DGXXOo0gkLz6b3UnlXVjPup/SZ6j2/wAfvecIrMAADwKm1EnUd6gBsA+oubtMa9mRmfY0u/xhXD1LOE+ruGPG43ilCRxtLp1oRMeLKjasbBle+3/E1Mv24+W98/8ABxtrxBg2HJ5SdgIoysQCuJyCLBj9V9JIMmVcKh0dw1nbj/mcuLPmC6MYAC8egB3nT15ea+bybkdmLH1WcHwemZtPNuB+8h47+LoZR7011J+Lmog52AIohdrk9SoKF/uYZPwzvv8A7V0nN7fnEbMSpF1YrbtOfUzGgQvuYz4SmrW58tXpXbf3MZyz35vwc74wR4dAkA0t7H4+lSTPfJJl16dNVHWRa76hw0i+mlKrpsbi7m6886/IVWKsGU0RK/Wcx2OTb04H5SNQ3Qs7iGtY6fo7IU6g7ncGwO80gmU42BTZh3mjjnZr0Nea9IUvR2s3cQZGVqfSC3bSDFSg7vqbcbhbuNjVg3kJ9djU5kSjadlRUvVsKmdSxo/ZsEr6e5gUMGJUFmI3IJMbbFzRII3JJ+XpFJMhSjzR4B7xcgLHXWhvccj3j5shZqABPc8D+8ZU8bI1uSbuzsD+wksZHUgBiQQNx6D8ZRMgNb23cqDUwYqwpQQ16iT6QkIr6crkAdlO0C6fo7KB1RQMV8RSCVNf5sSYMGVM2K1ItNnHpORWxEAYtQrkEGgPWJixHH1fjJlZTe4oGx6VL7a8ffpddSLSVzpJH4GZtjHFEuRxd/C+Zw/SWTIr4UxMVLeneYzbj6F8s559nVdfCY48eRWGVmHl8pX1/pB2HmDbcgVv3joQyFCBfIMPqumzvnY8/wCqsj3akA7H+02TyAenBnUwnO38QEfd4+M1Lrj145zPhzM97LvBR7g37xteTCdFkA+neXXp3aiUP+8zeyPNOeuq5gQGF8d5Rs4a71Emr81ccGhL/VXP8ixh0f8ANlA+Cy98V8Frl+sPVKqgbfd9OOYrM77tW2/YTsODpk+3kY/7gIuvo0Plxaj7gn9Ze2r+nHEWA7wrjy5SNONiO1CdZ60L/wBrCq/gP0kn6rNk5eh7S2s2cz9SbDkQ04A9rmjDc72ZprWLn47ycrEgMmNG9xY/eZ9J5DOa3av3gbGmOiXKb3ooWfeIM+NtWrUxJ9dh73MMgXLBgAxUUPN3/ao6ilslWW7K6pAZQF2v/aN/mTGQ41I1V6770YhnBTIzHbUKpt9vaNasmk47DG74PwEK5VQEggEjZu9zZHHh+TYrsD6yKxctlDBSF4QVwO8mWOoMFBB2LN2MGNgoBa0dOV77mPmy0AB8mAgj43TcqwU8MAQKgJZ3LeVWvkmgYEyAkNoJNcD/AD4TatViyrXd+kEt0/2qLUKOry1v2o/5zJdTi8XqOkYD/wAmnj1hxUHZmDMALBBrTKNkDZtQJZcTqS5FIxFcH152945+md2S8q9ZjQM74lCouQ4iB3oCj+ZE556XX43XCKKsuk2zLb2N+e3E8yZ7n69n8Trebyn1D+T3Y1EsAAAbCJ1ORVzop4AJmDq3DAwz4db3Paw+uvSK2Z/WA79xEKmMjHXV/GbM5+8ZIsTySfiYxWuSBELIPvD5TUjz9dX9oEwTHIvYEwHJ6KJrHK9QYQJMv7gfCKXv3+McZ919LEEKRc0irsOCQJo4zenpLjBYKhc5K+6o39t4xysSqug2/n27evYQVj5FjGRw2524k3VQ5YoKO5sglR6CthMFlTUGOQDbkAkc/nKDw0JWxp7AGgo+e9yZzphUihbem28OHxXC5uAKGuhuQZIzkgaSCSRWoiiAInmsMiagBueL95Q431eK+ZnyNsyncqPb5xQuss+Zn8NmC7HmuDUiAxIja2YnijdatoGZn0oKB3qjuY2lK1oqubIq6+dRtRyA5CORQ8tD8TJFxqEbTkbSx3Pm3nR4uNcQXEbThzVkjvz+sRyQnmWgB9q7/CMGvEaAVeSQd/eZRyBj3ZkU7+VhRU7jsPQw2x6Zi9LsQgoAsf8ACeYMjrixaUQCjpJUkkA9iT73JEuuUMvhs9Up+0SBtz+80y9f60hxuHXzOoBYcAlSN/mtTykBONT6idKdSMWDLipQWU6Dx7V8t55nVdTmxZFGNq8gFEXtvXMrNjp4fJ/X1pcuDJl6h3AAUbAkwDpDfnyKB7czlfNkJ3c2YutyD5jvHKb5OLdsehly9PiHAY+gnHkz6jsAvsJKjVzVxcZzIO/N11/oS3xMGr2m8o53+dQrjfILTGzAGvKO8XELPrBHOIofOQpvi94BFBU1Rqm4kAmjIpc0ilj6KLminqOFxBmFsFAO4BkcTDKGIXI5uyzAUDC+VQFVVby+YlqHPG0cdSxTw3JTH/6iiB32nF0QcIcmtjvsQKMpiOza2Glf5juffb9JLMzNkLvqKgUuo9v3hJKpyWJ99poOh2RENY7vYsp2EXUPExBAACdOnbYnYE/1khpdk1KBS7AHn3P+doyOMrDxFDqnN7WPj+MsTGnRdTcqQO9byrpeEOBst+Zh+0yAsLRnZS1AM1AiBvDGLMA4Ve18/hAmB0kuFbR4dbrpF+nMKM2ENpZAVIatia32uIjK+EkOFvk0T+EfQnispBybAHtQ/vJKJkGUHJqF/eJSxfpvE1+DviLsasheG+P4xjmZgVxhgALv0+cn4bgEsyqL3rkmGpdMV42sEkuzqCfbiu3b8JyZei+sOciZ+eRpuh/SU1qMFq4XQ16WbufT0nSAgUqWKoCBaKPTf8b/ACmmXmr9Fu/2c2M3xdg36fGUx/Q7OpY9QAN9whO/pO/KxXF4iqVZWHbat9tu/wAedo+QndhlZlUAuQPKARttyTf5S2p53/SQrU2ZuavQALr1uVH0Z0yswrI5W7LPQ/ITsyKQcmliqICuugBXfYfpz+Mlq/hqvlVDwb+/Q/Hao/IcuTpuo8hwdN02JaFH7RPx1eshl6XruocDKQ5C2AXFAfp8p67sbXGLe7sEEAEDuexO82nyoikMbOtnYbVwQB+ktTxG+jupQWUUbXWsE9v6xx9GdRdscaAdy1/pPXUh9t9Ba2Om724PzAgQIgLZGY+WlCjg+ldx7w2nHJ0/0ThZiuTNkZhd6QANv6zrxdD0uL7OFSwI3YX6nvFxOXJpCpLAICRZX3rvLqxdhxRvnigPjDacUBpfDUaVG97UL9fxmkzpAG9qSBZ52HY/53mkHkZfEzPePEEDMa539/hMyFAoJDbcC+JpokBuQiorkje+xgyMGAU6dqAHt/SaaBHAwGuxQUWK/wA94nSBvE31FQfNR4E00gbNlII3DgXY4sGVTIpUMhxoRZFdvj/h7TTR/EXHoHilScnPBIJHc12/vOh3Zs1M2hGW3Xk37GaaZpTS0/iDWToJZFqq9z+8s2Mu40Zh4xP2QKv+9G/QTTRnyK5snRY+Xyszrsyqu4AP9509OfDxhUQqTjJZVXld7vVXb2+E000yZFYIFTCaIawvOzbMw9dxQlA6Ka0rpYjgm2F7j32rb19Kmmkhy/xUYDIyYyGV+CSxF17cAGMBrxHGqqSBY8ovj7p+Pcd6mmgQdGFBgW0sQAx1b8Ufat/n2i4WLFAtMV8pZjsw5BE00go/hlb0hiOB335J9u0xKgOjNdmwas+4/wA9pppEhCg6KazYQ+l9vl3gsOisAdzv6zTTNKiNu21/hz2mmmkn/9k="
            />
          </section>
          <section>
            <img
              alt=""
              src="data:image/jpeg;base64,/9j/4AAQSkZJRgABAQEASABIAAD/2wBDABsSFBcUERsXFhceHBsgKEIrKCUlKFE6PTBCYFVlZF9VXVtqeJmBanGQc1tdhbWGkJ6jq62rZ4C8ybqmx5moq6T/2wBDARweHigjKE4rK06kbl1upKSkpKSkpKSkpKSkpKSkpKSkpKSkpKSkpKSkpKSkpKSkpKSkpKSkpKSkpKSkpKSkpKT/wAARCADIAMgDASIAAhEBAxEB/8QAGgAAAgMBAQAAAAAAAAAAAAAAAAECAwQFBv/EAD8QAAIBAgQCBQgIBQQDAAAAAAECAAMRBBIhMUFREyJhcZEFFDJSgZKx0RUjQnKCoeHwBjNDU2IWc8HxRJOi/8QAGQEBAQEBAQEAAAAAAAAAAAAAAAECAwQF/8QAJBEBAQACAgIBBAMBAAAAAAAAAAECEQMSITFRBBMiQTJSgWH/2gAMAwEAAhEDEQA/AOOWiLSskxRtdJF4sxihINeFuaZP+Rl0pwn8o/eMummaTHKpPKVozMN/ZLHTMCOchTp9GLXJ74Er8xaStDS0WW2o8IGbOUwakb7DxMyzb0YNDJe44GYmBQ2YWMC2hUKtlOx17pAsWbMTcyINiCNxwjsbXUEiRRxjAgFcjQGGWoOEAI0MQvyvCzcTNGHoh3HSXAtcDnAqAOQNY5SbX7YTa1OmVygWRh/0ZkKlWKsLEGxkqxG0dowI7SKVoWjtHaBG0JK0IFcIQgEIQMo04V1FMhjax4y41aXrrMFyIrmXbOm/p6Xr/lI+cUvWPhMWsWsbNNvnFL/Lwh50mwBHadhMdjCxjZpoouo6gbc6abGReq1yDa40Okpy9snV6+WpxIs3fBpFzn38ZGmSpOsZFoBYEs54kx5x2n2yIUR5ZNrpAi5mmhUzEXPWXS8pyyOqm4gb2q0qFMXW+9k/fCZM7VGJcgn/AIlTsWN2NyYqZ62+0VIvEdogV9YeMlmX1h4zLZWgBHdecYt2+BgK0JK3JWP4TCBRlY8IZG5S7zbHnZG8RDzXHngffE3pjdVdG/KPonPCXDA488//AGCH0djTa7AX51JeptV0Dnh+Ufm9T9iWHyZi+NRBpfVzJ/Q2MvY1KW9vTMWaNqPNn5jwj82b1h4TUPIOL41KXiYz5Dq0xmevQt3GY7Yrqsnm/OoPyh0KDesviJp+jQCPrKZtyQwHk4Ak9KNTf+WNPzjtieWfoqXGuPER5KNrGuLb+kJpTyUtVgqVDcDZVA/5min/AA8SevVdBz0MnfE05vR4U71hp2/pHlwn90/nOqf4foD0sRV9gEY/h7Df3qx8JO+I5N8H67HxhmwQ4MfYZ2P9P4Ufbqn8UkvkLA8RUP4474n+uL0mC/tOfZ+sfTYMf0GP4R852x5DwA/pue9zIYjyX5PoUWcYe5GguxjvDw4/nOFG2GPgI/PMOP8AxfzE67YDA4eghrYZGqsL5dZl6ChfShSH4Ze8Twx+f0xthh7w+UPpID0aCe15s6KkNqNL3BJBEG1NPcEdjcYPpNuFKn7xkkx9V1uEpDXtM26Dgo4bASjFUiymoDbIpJAG83hZb5S/8V+eV+Ape4fnCUKlVlBWjUN7Eba8dOcJ6OuDG8nZNPsESUMzG7WGY7CWxofS+8Z304bPIBE62Aa23wkxGBcyJtWyi3bw7eyWFKgVGpEEhSPaNBIEuopsq30IuT++UupLdhfkRr2b+N5y5bOu63h7SSoSgNQZTa+pmKu5q1Mq3I2AGt5ur0emFswAjpYalSsQt2H2jPmbeljTB1WtmDL7Jenk9QwJqFrG9somyFjG6hLTRfRRV7haSitpFdhwkDIvAi20WYcdIwwOgMCBY3tFZtxaWxW7JRDMLXbQDcmc2pXNWtma/Rg3C9200+UADRUG4Oa29pzLoRcltTtrpNYxFtR2qVC7m7GRgoAGl7dsc0FaKOEBFSy2XLe4PWFxaKtY0a9tsjSUjU/kVv8Abb4TUvontylxddUUCpsAFNhddOB4QlI2EJ23V09Jm5bQQ795mek1wQDcA2BklLcATqfjPbt5dNSmTtchee/dK0VrXbTsltPV2PIASVk6ovk+9bx0joqSRc7rf4X+EVQ6oO2/hLMOGB6wGi205X/Qzz838K6cftIqV9DSNXbiLyyGk+c9IU34GTiEIDihK61dKK5iQTyB1hExYwCiZPP140f/AKkW8oMRZaYHbml1RtZTbS8wV3ykjMfGUtWqtvUbuvITUiIwjhaaCtC0TICb2ue+0h0R4hfzlE4owoUWAtC0gUVT+TV/22+ElI1B9TV/22+EsJ7c2jhqNSkrHEZCVucxG/7vCGEwa4jDYir0yq1FCwp2uWtx7BrCejc+Dy34NXKtfLvY7zbTXKLHeZMEbZrnQ2PdNgM9ePp58vay8Staoe0fCRiYm2m9xaNMLCc1RV4HT8xLsPcJf1iSfGUIB03XOqrwHEnSakW1MX0M8f1N8SO/FEwIxKw9jrFXrCmt+e2k8TsvAlVTE0aZIZ7kcFF5zqtdqh5CVy9Uaq+NZ7CiWQcbgazMSWNybmKOa0hWjhCUEIQkBIlQTfXxkoS7EOjXt8TGECnT4yUI2FFJRQFE/wDKqfcb4SUiw+rqfcb4SxZ7cbDYo4dKwUKempGmbnYGEvo4zDpSQHDBmCKL2G4Nz4wno/1G3CkpWCk7qVI7psT0F7hMWJ6rK4+ybeybUYOoYcRtyno4c+2LjnNJRqL1FHDc+yKMWBLN6NrGda5p0wGq5r65lIB/fK81OwE54xJRgE+ssCO2UNizmIdnW2/GeDnxyuW3fjs06FXFqgsqhmmSrWaruALcpUGVlzhgV3veSAuocaqdiNp59adBCEcBRx2ihBHCEAhHCAoQhAUI4QFCOKAoMOo/3G+EIH0H+43wliz284Nh3QlyYTEOgZaehW4JYC4hPTqm461VbpbmRJ02KEBxa4vrGNwSL2mxaRakmYgg9bbXumeLlmHis5Y7JELDqvYdovLDRBSxcm/YBKgm/R6NyvJJUPShCCT2T2dt+Y89xsVnBC5brORtcyqpQA1BYcrixnSzjgD+LQSFQMSUsuYcM0nb5SWuU9F0s9m71YGLpai/aVuxtJtYlHNh1uIk0yN6IFxvpqIy48a1M7HPOIa1yEpjm15MJiKihgWZTxS1vjNtRadRD0iK6X1uLi8dOnRpjLSRUB9UWvMTixl9L9ysYGQWtUJ/yv8AORLVgQRltyYb+2dHXnpK3a41E1ePHL9JM6yLVN+tTI7jJLURja5B5MLSRVWbLYa8INQdOsBcbHTacsvp8f01OT5OEqDMH0NhtlO36TX5vUZcyWYHtsZ5c8Lh7dZZVMUtNCooJZbAcSZmao2bqqCOcY4ZZei3SyEpNe24AkqdUsdVFibAgy3jyk3YbiyKOE5qUPst90/CEY2P3T8JYs9vPriq4pJTFQ5FGgsNN/mYSkbQno3TUehW2YX2vrOguZkAUHUWvwEw0lDNrtOnRa6gHhtPLkpDD0ha4LEDcw6IICVJsNTrvLxIVULIcmhkmdnqppTTdEeylhff/uOsSxC0lF9ybTNTILm1yZsBCqFGp4mauWW/ZqKnwxqlS1TIQLXC3MmMNRt1ixPPT5R3hea+7n8p1hPRvbI5sPsk6fpFVpEUzmqqDuBbf2yV5F2zIVOoMs5s5+06Ysa12zEE2I3DHSWqQ403G4kBh81W5GcAXCniZBqwD5kOmxvzB2nu4+SZxxzx1W3D0kU5yAW7eEtZQR+zKaNQOgYeEszS325XaFkQMrAaC9+YmNsXUpVWyBACAWUi4v8A8SzG6gdYi+lhxmWlTFSoKakAD93i4TKeW8brybviMSR0mZwNggsBEQQbEEHkRN6oqKAulonUOLNpyM1jJjNQuW2Eab3kqa5rnUMuqnkZKrTZTcEMOWxlQDHQKRfntNWbmhpzUagBBNJjwYWB7jIvTZdxKHp1F1LjLyy6S2jiCnVcEjsOv6zx5/T/ANXWZ/KDPlNsrHuEaNdiMrDQ6kW4Sxq9G+qsBztLjQAQ1FYMuUkEcdJwuNxvmOmNlrztDB0qlFHasVLLc7WXUjXXhbXvEJkA0GkJ38K9JQGs6FETBhhdp0qa2WeOqsEewiEG2mRjFLJUJG19pYDJMNZEygvC8iTFeVEiYjEWEiXEBkSpqJeqzixL6sCbayeeGebwzuF3Es37I0ujGUIAOBGmsKVYMuhzD85YtYgEbqdwZWKRGILJTY0iBoutuc9fHzzLxk5ZcfwbhKnpad8fm9JUL3JIGh1FvbL0WoGFlCDmx18BJgda5ZmsbgNawMuXPjPTEwyrDh65qFgTcDUHnHWe2kjWwwwwNSlfJmu2uq/pKnqZxfxnbDOZzcTLDVIt7Y11kNpro4ZrBm0vwm96KgBpImijcx2iaSltNjK2Eb2yzdEynrdYc1l+HJVKi3GVgbWO2n/cgx9kdP0t9xrMcmMuLphdV5xR1RCaaVfDrQppUoAsAbtYEtrt4W13EJw077dvyeuaoxPAToiUYeiKNMadYjrd8uBBFxPBWkhExjEg5kEGMrYxu0oepNCRe0gXlZeRveXSLC8RaRjgO8kDIQgWgyxHtM4MmGgbEqAyV5kVrGXo99DILN9CLg7jnOXXpdDUK3Jtsea8PlOpKsRRFZQR6a7X49hnbiz6ZM2bjDhrHEU7jS/KdW85Kk06gBBXXY8DN6vcbz3X8vMebKap1LEazO0uc3lTTeKRnqc46F2J3IH5aRut5fh7KjLxIPwjP03j7efwlboqGJXo3dalLISugXXQk8B8YSVB3XCV6K0Xda1jmF9Mt78Nd4TzPQ9QTbvgoCiwlbnrA8RLFNxefPaSlNV8o1lwmLHv9Yqqdhr3ywV1KvASokmKE2hwidsiM1r5QTaRw9TpqQqFHUEkAIucm254WGs3jhllNxLZFkcy1sWaNVqbUgSvEPoeIO0swlZsUxAp5VBAuDcknYAaTX2c07RdCUYrENhnUZAwYEgk2OhsQRLUbPTRrWzKDaZy48sZurLKlAGEJhUg0tRpRLEMg2I1xJSim0uECnEYZa5BvlYaXte4lKk0X6GowzAXVtswmyVYmgMRTCk5WU5lbkZ34+W4+L6Yyx2gTImUr09Nsj+lyIuCOwyS1gSFJGbjwnumUs24XGxIyKBjVUA6a38JMFWiU2qAbcJcvVMfbh0sVUpU8ihSA1xmubG9/jCUnc95hPNt6dO7U8pYYsClUW49Uy0eVMIBYVDp/gflCE8nSOuorr+VabqVpvYHiVa/wmQ4mmf6l+3K3yhCWYw1B5xT9c+43yh5zT9Y+43yhCa6xNRGriFNF1XMxZSBZDymOnVrpT6M0OkS9wHS9j2QhOvHes8MZSJYt2xFQVFw1RHI+s4gnmJGi+JoElKbWO4K3B5QhN96z1i2vUqV6KK2FK1UJAdbAZeVppo1wtJFZKgKqAer+sITGf5TyuMm0/OF5P7v6xecD1angPnCE5dI6eB5wPVqeA+ckuIA+y/5fOEI6Q8LVxij7D+K/OWDyig/pP7y/OEI6RD+kk/tN7y/OH0iv9pvfX5whL0gRx9NrZqN7bXdY/pIbdFYcukWEI6nhQ2IplMoRlF76VFiXEENmJv3uIQnSZX5SyOb5o5JOenv64hCEbR//9k="
            />
          </section>
          <section>
            <img
              alt=""
            />
          </section>
          <section>
            <img
              alt=""
            />
          </section>
          <section>
            <img
              alt=""
            />
          </section>
          <section>
            <img
              alt=""
            />
          </section>
        </div>
      </div>
    </div>
  </div>
</div>
`;
