// Jest Snapshot v1, https://goo.gl/fbAQLP

exports[`Card 1`] = `
<div>
  <div
    class="zds-card"
  >
    <div
      class="zds-card-box"
    >
      <div
        class="zds-card-header"
      >
        <div
          class="zds-card-header-title"
        >
          卡片标题
        </div>
        <div
          class="zds-card-header-extra"
        >
          this is extra
        </div>
      </div>
      <section
        class="zds-card-body"
      >
        <div
          class="zds-card-body-box"
        >
          <div
            class="card-box1"
          >
            <p>
              文本内容
            </p>
          </div>
        </div>
      </section>
      <section
        class="zds-card-body"
      >
        <div
          class="zds-card-body-box"
        >
          <div
            class="card-box1"
          >
            <p>
              文本内容
            </p>
          </div>
        </div>
      </section>
      <div
        class="zds-card-footer"
      >
        <a>
          按钮
        </a>
      </div>
    </div>
  </div>
  <div
    class="zds-card zds-card-full"
  >
    <div
      class="zds-card-box"
    >
      <div
        class="zds-card-header"
      >
        <div
          class="zds-card-header-title"
        >
          卡片标题
        </div>
        <div
          class="zds-card-header-extra"
        >
          this is extra
        </div>
      </div>
      <section
        class="zds-card-body zds-card-body-border-left"
      >
        <div
          class="zds-card-body-box"
        >
          <div
            class="card-box2"
          >
            <p>
              文本内容
            </p>
          </div>
        </div>
      </section>
      <section
        class="zds-card-body"
      >
        <div
          class="zds-card-body-box"
        >
          <div
            class="card-box2"
          >
            <p>
              文本内容
            </p>
          </div>
        </div>
      </section>
    </div>
  </div>
</div>
`;
